[2025-03-14 16:09:23] [DEBUG] executing query
        CREATE TABLE IF NOT EXISTS recipes (
            id SERIAL PRIMARY KEY,
            recipe_name VARCHAR(255) NOT NULL,
            ingredients TEXT,
            pre_preparations TEXT,
            created_at TIMESTAMP DEFAULT CURRENT_TIMESTAMP
        )
    
[2025-03-14 16:09:23] [DEBUG] Query parameters: 
[2025-03-14 16:09:23] [DEBUG] executing query
        CREATE TABLE IF NOT EXISTS meal_types (
            id SERIAL PRIMARY KEY,
            name VARCHAR(50) NOT NULL UNIQUE
        )
    
[2025-03-14 16:09:23] [DEBUG] Query parameters: 
[2025-03-14 16:09:23] [DEBUG] executing query
            INSERT INTO meal_types (name) 
            VALUES (?) 
            ON CONFLICT (name) DO NOTHING
        
[2025-03-14 16:09:23] [DEBUG] Query parameters: BREAKFAST
[2025-03-14 16:09:23] [DEBUG] executing query
            INSERT INTO meal_types (name) 
            VALUES (?) 
            ON CONFLICT (name) DO NOTHING
        
[2025-03-14 16:09:23] [DEBUG] Query parameters: LUNCH
[2025-03-14 16:09:23] [DEBUG] executing query
            INSERT INTO meal_types (name) 
            VALUES (?) 
            ON CONFLICT (name) DO NOTHING
        
[2025-03-14 16:09:23] [DEBUG] Query parameters: DINNER
[2025-03-14 16:09:23] [DEBUG] executing query
        CREATE TABLE IF NOT EXISTS weekdays (
            id SERIAL PRIMARY KEY,
            name VARCHAR(50) NOT NULL UNIQUE
        )
    
[2025-03-14 16:09:23] [DEBUG] Query parameters: 
[2025-03-14 16:09:23] [DEBUG] executing query
            INSERT INTO weekdays (name) 
            VALUES (?) 
            ON CONFLICT (name) DO NOTHING
        
[2025-03-14 16:09:23] [DEBUG] Query parameters: MONDAY
[2025-03-14 16:09:23] [DEBUG] executing query
            INSERT INTO weekdays (name) 
            VALUES (?) 
            ON CONFLICT (name) DO NOTHING
        
[2025-03-14 16:09:23] [DEBUG] Query parameters: TUESDAY
[2025-03-14 16:09:23] [DEBUG] executing query
            INSERT INTO weekdays (name) 
            VALUES (?) 
            ON CONFLICT (name) DO NOTHING
        
[2025-03-14 16:09:23] [DEBUG] Query parameters: WEDNESDAY
[2025-03-14 16:09:23] [DEBUG] executing query
            INSERT INTO weekdays (name) 
            VALUES (?) 
            ON CONFLICT (name) DO NOTHING
        
[2025-03-14 16:09:23] [DEBUG] Query parameters: THURSDAY
[2025-03-14 16:09:23] [DEBUG] executing query
            INSERT INTO weekdays (name) 
            VALUES (?) 
            ON CONFLICT (name) DO NOTHING
        
[2025-03-14 16:09:23] [DEBUG] Query parameters: FRIDAY
[2025-03-14 16:09:23] [DEBUG] executing query
            INSERT INTO weekdays (name) 
            VALUES (?) 
            ON CONFLICT (name) DO NOTHING
        
[2025-03-14 16:09:23] [DEBUG] Query parameters: SATURDAY
[2025-03-14 16:09:23] [DEBUG] executing query
            INSERT INTO weekdays (name) 
            VALUES (?) 
            ON CONFLICT (name) DO NOTHING
        
[2025-03-14 16:09:23] [DEBUG] Query parameters: SUNDAY
[2025-03-14 16:09:23] [DEBUG] executing query
        CREATE TABLE IF NOT EXISTS weekly_plans (
            id SERIAL PRIMARY KEY,
            year INT NOT NULL,
            week INT NOT NULL,
            created_at TIMESTAMP DEFAULT CURRENT_TIMESTAMP,
            UNIQUE(year, week)
        )
    
[2025-03-14 16:09:23] [DEBUG] Query parameters: 
[2025-03-14 16:09:23] [DEBUG] executing query
        CREATE TABLE IF NOT EXISTS week_day_meal_plans (
            id SERIAL PRIMARY KEY,
            weekly_plan_id INT NOT NULL,
            weekday_id INT NOT NULL,
            meal_type_id INT NOT NULL,
            recipe_id INT NOT NULL,
            created_at TIMESTAMP DEFAULT CURRENT_TIMESTAMP,
            FOREIGN KEY (weekly_plan_id) REFERENCES weekly_plans(id) ON DELETE CASCADE,
            FOREIGN KEY (weekday_id) REFERENCES weekdays(id),
            FOREIGN KEY (meal_type_id) REFERENCES meal_types(id),
            FOREIGN KEY (recipe_id) REFERENCES recipes(id),
            UNIQUE(weekly_plan_id, weekday_id, meal_type_id, recipe_id)
        )
    
[2025-03-14 16:09:23] [DEBUG] Query parameters: 
[2025-03-14 16:09:23] [DEBUG] executing query
        CREATE TABLE IF NOT EXISTS meal_preferences (
            id SERIAL PRIMARY KEY,
            meal_type_id INT NOT NULL,
            recipe_id INT NOT NULL,
            created_at TIMESTAMP DEFAULT CURRENT_TIMESTAMP,
            FOREIGN KEY (meal_type_id) REFERENCES meal_types(id),
            FOREIGN KEY (recipe_id) REFERENCES recipes(id),
            UNIQUE(meal_type_id, recipe_id)
        )
    
[2025-03-14 16:09:23] [DEBUG] Query parameters: 
[2025-03-14 16:09:23] [DEBUG] executing query
        CREATE TABLE IF NOT EXISTS users (
            username TEXT PRIMARY KEY,
            email TEXT NOT NULL UNIQUE,
            password TEXT NOT NULL,
            created_at TIMESTAMP DEFAULT CURRENT_TIMESTAMP
        )
    
[2025-03-14 16:09:23] [DEBUG] Query parameters: 
[2025-03-14 16:09:23] [DEBUG] Database tables created successfully
[2025-03-14 16:09:23] [DEBUG] executing querySELECT table_name FROM information_schema.tables WHERE table_schema = 'public'
[2025-03-14 16:09:23] [DEBUG] Query parameters: 
